// Jest Snapshot v1, https://goo.gl/fbAQLP

exports[`renders correctly 1`] = `
Object {
  "asFragment": [Function],
  "baseElement": <body>
    <div>
      <div
        class="MuiPaper-root MuiPaper-elevation MuiPaper-rounded MuiPaper-elevation1 MuiCard-root infoCard css-bhp9pd-MuiPaper-root-MuiCard-root"
      >
        <span
          class="MuiTypography-root MuiTypography-body4 css-37jdci-MuiTypography-root"
        >
          Child Hierarchy
        </span>
        <div
          class="infoSub"
        >
          <span
            class="MuiTypography-root MuiTypography-body3 css-37jdci-MuiTypography-root"
          >
            12
             Units
          </span>
          <hr
            class="MuiDivider-root MuiDivider-middle css-ft4jij-MuiDivider-root"
          />
          <span
            class="MuiTypography-root MuiTypography-body3 css-37jdci-MuiTypography-root"
          >
            300
             Users
          </span>
        </div>
      </div>
    </div>
  </body>,
  "container": <div>
    <div
      class="MuiPaper-root MuiPaper-elevation MuiPaper-rounded MuiPaper-elevation1 MuiCard-root infoCard css-bhp9pd-MuiPaper-root-MuiCard-root"
    >
      <span
        class="MuiTypography-root MuiTypography-body4 css-37jdci-MuiTypography-root"
      >
        Child Hierarchy
      </span>
      <div
        class="infoSub"
      >
        <span
          class="MuiTypography-root MuiTypography-body3 css-37jdci-MuiTypography-root"
        >
          12
           Units
        </span>
        <hr
          class="MuiDivider-root MuiDivider-middle css-ft4jij-MuiDivider-root"
        />
        <span
          class="MuiTypography-root MuiTypography-body3 css-37jdci-MuiTypography-root"
        >
          300
           Users
        </span>
      </div>
    </div>
  </div>,
  "debug": [Function],
  "findAllByAltText": [Function],
  "findAllByDisplayValue": [Function],
  "findAllByLabelText": [Function],
  "findAllByPlaceholderText": [Function],
  "findAllByRole": [Function],
  "findAllByTestId": [Function],
  "findAllByText": [Function],
  "findAllByTitle": [Function],
  "findByAltText": [Function],
  "findByDisplayValue": [Function],
  "findByLabelText": [Function],
  "findByPlaceholderText": [Function],
  "findByRole": [Function],
  "findByTestId": [Function],
  "findByText": [Function],
  "findByTitle": [Function],
  "getAllByAltText": [Function],
  "getAllByDisplayValue": [Function],
  "getAllByLabelText": [Function],
  "getAllByPlaceholderText": [Function],
  "getAllByRole": [Function],
  "getAllByTestId": [Function],
  "getAllByText": [Function],
  "getAllByTitle": [Function],
  "getByAltText": [Function],
  "getByDisplayValue": [Function],
  "getByLabelText": [Function],
  "getByPlaceholderText": [Function],
  "getByRole": [Function],
  "getByTestId": [Function],
  "getByText": [Function],
  "getByTitle": [Function],
  "queryAllByAltText": [Function],
  "queryAllByDisplayValue": [Function],
  "queryAllByLabelText": [Function],
  "queryAllByPlaceholderText": [Function],
  "queryAllByRole": [Function],
  "queryAllByTestId": [Function],
  "queryAllByText": [Function],
  "queryAllByTitle": [Function],
  "queryByAltText": [Function],
  "queryByDisplayValue": [Function],
  "queryByLabelText": [Function],
  "queryByPlaceholderText": [Function],
  "queryByRole": [Function],
  "queryByTestId": [Function],
  "queryByText": [Function],
  "queryByTitle": [Function],
  "rerender": [Function],
  "unmount": [Function],
}
`;
