// Jest Snapshot v1, https://goo.gl/fbAQLP

exports[`renders correctrly 1`] = `
Object {
  "asFragment": [Function],
  "baseElement": <body>
    <div>
      <div
        class="MuiPaper-root MuiPaper-elevation MuiPaper-rounded MuiPaper-elevation1 MuiCard-root card css-1hs4s8w-MuiPaper-root-MuiCard-root"
      >
        <div
          class="content"
        >
          <img
            alt="./img/logo1.png"
            class="MuiCardMedia-root MuiCardMedia-media MuiCardMedia-img img css-14w8qym-MuiCardMedia-root"
            src="./img/logo1.png"
          />
          <p
            class="MuiTypography-root MuiTypography-body2 css-e784if-MuiTypography-root"
          >
            Titulo
          </p>
        </div>
        <hr
          class="MuiDivider-root MuiDivider-middle css-ft4jij-MuiDivider-root"
        />
        <div
          class="content"
        >
          <div
            class="info"
          >
            <p
              class="MuiTypography-root MuiTypography-body2 css-e784if-MuiTypography-root"
            >
              213
            </p>
            <p
              class="MuiTypography-root MuiTypography-body1 css-ahj2mt-MuiTypography-root"
            >
              Units
            </p>
          </div>
          <hr
            class="MuiDivider-root MuiDivider-fullWidth MuiDivider-vertical css-ftc7wc-MuiDivider-root"
          />
          <div
            class="info"
          >
            <p
              class="MuiTypography-root MuiTypography-body2 css-e784if-MuiTypography-root"
            >
              20
            </p>
            <p
              class="MuiTypography-root MuiTypography-body1 css-ahj2mt-MuiTypography-root"
            >
              Users
            </p>
          </div>
        </div>
      </div>
    </div>
  </body>,
  "container": <div>
    <div
      class="MuiPaper-root MuiPaper-elevation MuiPaper-rounded MuiPaper-elevation1 MuiCard-root card css-1hs4s8w-MuiPaper-root-MuiCard-root"
    >
      <div
        class="content"
      >
        <img
          alt="./img/logo1.png"
          class="MuiCardMedia-root MuiCardMedia-media MuiCardMedia-img img css-14w8qym-MuiCardMedia-root"
          src="./img/logo1.png"
        />
        <p
          class="MuiTypography-root MuiTypography-body2 css-e784if-MuiTypography-root"
        >
          Titulo
        </p>
      </div>
      <hr
        class="MuiDivider-root MuiDivider-middle css-ft4jij-MuiDivider-root"
      />
      <div
        class="content"
      >
        <div
          class="info"
        >
          <p
            class="MuiTypography-root MuiTypography-body2 css-e784if-MuiTypography-root"
          >
            213
          </p>
          <p
            class="MuiTypography-root MuiTypography-body1 css-ahj2mt-MuiTypography-root"
          >
            Units
          </p>
        </div>
        <hr
          class="MuiDivider-root MuiDivider-fullWidth MuiDivider-vertical css-ftc7wc-MuiDivider-root"
        />
        <div
          class="info"
        >
          <p
            class="MuiTypography-root MuiTypography-body2 css-e784if-MuiTypography-root"
          >
            20
          </p>
          <p
            class="MuiTypography-root MuiTypography-body1 css-ahj2mt-MuiTypography-root"
          >
            Users
          </p>
        </div>
      </div>
    </div>
  </div>,
  "debug": [Function],
  "findAllByAltText": [Function],
  "findAllByDisplayValue": [Function],
  "findAllByLabelText": [Function],
  "findAllByPlaceholderText": [Function],
  "findAllByRole": [Function],
  "findAllByTestId": [Function],
  "findAllByText": [Function],
  "findAllByTitle": [Function],
  "findByAltText": [Function],
  "findByDisplayValue": [Function],
  "findByLabelText": [Function],
  "findByPlaceholderText": [Function],
  "findByRole": [Function],
  "findByTestId": [Function],
  "findByText": [Function],
  "findByTitle": [Function],
  "getAllByAltText": [Function],
  "getAllByDisplayValue": [Function],
  "getAllByLabelText": [Function],
  "getAllByPlaceholderText": [Function],
  "getAllByRole": [Function],
  "getAllByTestId": [Function],
  "getAllByText": [Function],
  "getAllByTitle": [Function],
  "getByAltText": [Function],
  "getByDisplayValue": [Function],
  "getByLabelText": [Function],
  "getByPlaceholderText": [Function],
  "getByRole": [Function],
  "getByTestId": [Function],
  "getByText": [Function],
  "getByTitle": [Function],
  "queryAllByAltText": [Function],
  "queryAllByDisplayValue": [Function],
  "queryAllByLabelText": [Function],
  "queryAllByPlaceholderText": [Function],
  "queryAllByRole": [Function],
  "queryAllByTestId": [Function],
  "queryAllByText": [Function],
  "queryAllByTitle": [Function],
  "queryByAltText": [Function],
  "queryByDisplayValue": [Function],
  "queryByLabelText": [Function],
  "queryByPlaceholderText": [Function],
  "queryByRole": [Function],
  "queryByTestId": [Function],
  "queryByText": [Function],
  "queryByTitle": [Function],
  "rerender": [Function],
  "unmount": [Function],
}
`;

exports[`renders correctrly when is not selected 1`] = `
Object {
  "asFragment": [Function],
  "baseElement": <body>
    <div>
      <div
        class="MuiPaper-root MuiPaper-elevation MuiPaper-rounded MuiPaper-elevation1 MuiCard-root card css-1hs4s8w-MuiPaper-root-MuiCard-root"
      >
        <div
          class="content"
        >
          <img
            alt="./img/logo1.png"
            class="MuiCardMedia-root MuiCardMedia-media MuiCardMedia-img img css-14w8qym-MuiCardMedia-root"
            src="./img/logo1.png"
          />
          <p
            class="MuiTypography-root MuiTypography-body2 css-e784if-MuiTypography-root"
          >
            Titulo
          </p>
        </div>
        <hr
          class="MuiDivider-root MuiDivider-middle css-ft4jij-MuiDivider-root"
        />
        <div
          class="content"
        >
          <div
            class="info"
          >
            <p
              class="MuiTypography-root MuiTypography-body2 css-e784if-MuiTypography-root"
            >
              213
            </p>
            <p
              class="MuiTypography-root MuiTypography-body1 css-ahj2mt-MuiTypography-root"
            >
              Units
            </p>
          </div>
          <hr
            class="MuiDivider-root MuiDivider-fullWidth MuiDivider-vertical css-ftc7wc-MuiDivider-root"
          />
          <div
            class="info"
          >
            <p
              class="MuiTypography-root MuiTypography-body2 css-e784if-MuiTypography-root"
            >
              20
            </p>
            <p
              class="MuiTypography-root MuiTypography-body1 css-ahj2mt-MuiTypography-root"
            >
              Users
            </p>
          </div>
        </div>
      </div>
    </div>
  </body>,
  "container": <div>
    <div
      class="MuiPaper-root MuiPaper-elevation MuiPaper-rounded MuiPaper-elevation1 MuiCard-root card css-1hs4s8w-MuiPaper-root-MuiCard-root"
    >
      <div
        class="content"
      >
        <img
          alt="./img/logo1.png"
          class="MuiCardMedia-root MuiCardMedia-media MuiCardMedia-img img css-14w8qym-MuiCardMedia-root"
          src="./img/logo1.png"
        />
        <p
          class="MuiTypography-root MuiTypography-body2 css-e784if-MuiTypography-root"
        >
          Titulo
        </p>
      </div>
      <hr
        class="MuiDivider-root MuiDivider-middle css-ft4jij-MuiDivider-root"
      />
      <div
        class="content"
      >
        <div
          class="info"
        >
          <p
            class="MuiTypography-root MuiTypography-body2 css-e784if-MuiTypography-root"
          >
            213
          </p>
          <p
            class="MuiTypography-root MuiTypography-body1 css-ahj2mt-MuiTypography-root"
          >
            Units
          </p>
        </div>
        <hr
          class="MuiDivider-root MuiDivider-fullWidth MuiDivider-vertical css-ftc7wc-MuiDivider-root"
        />
        <div
          class="info"
        >
          <p
            class="MuiTypography-root MuiTypography-body2 css-e784if-MuiTypography-root"
          >
            20
          </p>
          <p
            class="MuiTypography-root MuiTypography-body1 css-ahj2mt-MuiTypography-root"
          >
            Users
          </p>
        </div>
      </div>
    </div>
  </div>,
  "debug": [Function],
  "findAllByAltText": [Function],
  "findAllByDisplayValue": [Function],
  "findAllByLabelText": [Function],
  "findAllByPlaceholderText": [Function],
  "findAllByRole": [Function],
  "findAllByTestId": [Function],
  "findAllByText": [Function],
  "findAllByTitle": [Function],
  "findByAltText": [Function],
  "findByDisplayValue": [Function],
  "findByLabelText": [Function],
  "findByPlaceholderText": [Function],
  "findByRole": [Function],
  "findByTestId": [Function],
  "findByText": [Function],
  "findByTitle": [Function],
  "getAllByAltText": [Function],
  "getAllByDisplayValue": [Function],
  "getAllByLabelText": [Function],
  "getAllByPlaceholderText": [Function],
  "getAllByRole": [Function],
  "getAllByTestId": [Function],
  "getAllByText": [Function],
  "getAllByTitle": [Function],
  "getByAltText": [Function],
  "getByDisplayValue": [Function],
  "getByLabelText": [Function],
  "getByPlaceholderText": [Function],
  "getByRole": [Function],
  "getByTestId": [Function],
  "getByText": [Function],
  "getByTitle": [Function],
  "queryAllByAltText": [Function],
  "queryAllByDisplayValue": [Function],
  "queryAllByLabelText": [Function],
  "queryAllByPlaceholderText": [Function],
  "queryAllByRole": [Function],
  "queryAllByTestId": [Function],
  "queryAllByText": [Function],
  "queryAllByTitle": [Function],
  "queryByAltText": [Function],
  "queryByDisplayValue": [Function],
  "queryByLabelText": [Function],
  "queryByPlaceholderText": [Function],
  "queryByRole": [Function],
  "queryByTestId": [Function],
  "queryByText": [Function],
  "queryByTitle": [Function],
  "rerender": [Function],
  "unmount": [Function],
}
`;
