// Jest Snapshot v1, https://goo.gl/fbAQLP

exports[`renders correctly 1`] = `
<img
  alt="./img/logo1.png"
  className="MuiCardMedia-root MuiCardMedia-media MuiCardMedia-img img css-iqx0p4-MuiCardMedia-root"
  src="./img/logo1.png"
/>
`;
